// Jest Snapshot v1, https://goo.gl/fbAQLP

exports[`renders 1`] = `
<div
  className="container"
>
  <div
    className="row"
  >
    <img
      alt="Splitwise"
      class="col-md-3"
      height="240"
      src="login_logo.png"
    />
    <div
      className="col-md-4"
    >
      <h4
        data-testid="LoginTest"
        style={
          Object {
            "color": "gray",
            "fontSize": 19,
            "marginBottom": 22,
          }
        }
      >
        WELCOME TO SPLITWISE
      </h4>
      <form>
        <div
          class="form-group inputLogin"
        >
          <label
            for="exampleInputEmail1"
          >
            Email address
          </label>
          <input
            aria-describedby="emailHelp"
            class="form-control"
            id="exampleInputEmail1"
            onChange={[Function]}
            placeholder="Enter email"
            type="email"
          />
        </div>
        <div
          class="form-group inputLogin"
        >
          <label
            for="exampleInputPassword1"
          >
            Password
          </label>
          <input
            class="form-control"
            id="exampleInputPassword1"
            onChange={[Function]}
            placeholder="Password"
            type="password"
          />
        </div>
        <button
          class="btn"
          onClick={[Function]}
        >
          Log in
        </button>
        <p
          style={
            Object {
              "marginTop": 10,
            }
          }
        >
          Forgot your password? 
          <a
            href="#"
          >
            Click here
          </a>
        </p>
      </form>
    </div>
  </div>
</div>
`;